  BananaBrain.cpp
  BaseState.cpp
  BuildingPlacement.cpp
  Configuration.cpp
  Dll.cpp
  FastPosition.cpp
  Grids.cpp
  Information.cpp
  Macro.cpp
  Micro.cpp
  OpponentModel.cpp
  PathFinder.cpp
  ProtossStrategy.cpp
  PythonBridge.cpp
  Results.cpp
  Strategy.cpp
  Tactics.cpp
  TerranStrategy.cpp
  UnitPotential.cpp
  UnitUtils.cpp
  WallPlacement.cpp
  Worker.cpp
  ZergStrategy.cpp
  area.cpp
  base.cpp
  BaseFinder.cpp
  bwapiExt.cpp
  bwem.cpp
  cp.cpp
  graph.cpp
  gridMap.cpp
  map.cpp
  mapDrawer.cpp
  mapImpl.cpp
  mapPrinter.cpp
  neutral.cpp
  tiles.cpp
  utils.cpp
     BananaBrain\Debug\BananaBrain.lib 라이브러리 및 BananaBrain\Debug\BananaBrain.exp 개체를 생성하고 있습니다.
  BananaBrain.vcxproj -> D:\data3\bwapi-4.4.0\bots\BananaBrain2\BananaBrainAIIDE2024\src\Debug\BananaBrain.dll
  'pwsh.exe'은(는) 내부 또는 외부 명령, 실행할 수 있는 프로그램, 또는
  배치 파일이 아닙니다.
