d:\data3\bwapi-4.4.0\bots\bananabrain\bananabrainaiide2024\src\bananabrain\debug\information.obj
d:\data3\bwapi-4.4.0\bots\bananabrain\bananabrainaiide2024\src\bananabrain\debug\results.obj
d:\data3\bwapi-4.4.0\bots\bananabrain\bananabrainaiide2024\src\bananabrain\debug\worker.obj
d:\data3\bwapi-4.4.0\bots\bananabrain\bananabrainaiide2024\src\bananabrain\debug\tiles.obj
d:\data3\bwapi-4.4.0\bots\bananabrain\bananabrainaiide2024\src\bananabrain\debug\buildingplacement.obj
d:\data3\bwapi-4.4.0\bots\bananabrain\bananabrainaiide2024\src\bananabrain\debug\tactics.obj
d:\data3\bwapi-4.4.0\bots\bananabrain\bananabrainaiide2024\src\bananabrain\debug\area.obj
d:\data3\bwapi-4.4.0\bots\bananabrain\bananabrainaiide2024\src\bananabrain\debug\base.obj
d:\data3\bwapi-4.4.0\bots\bananabrain\bananabrainaiide2024\src\bananabrain\debug\graph.obj
d:\data3\bwapi-4.4.0\bots\bananabrain\bananabrainaiide2024\src\bananabrain\debug\fastposition.obj
d:\data3\bwapi-4.4.0\bots\bananabrain\bananabrainaiide2024\src\bananabrain\debug\micro.obj
d:\data3\bwapi-4.4.0\bots\bananabrain\bananabrainaiide2024\src\bananabrain\debug\basefinder.obj
d:\data3\bwapi-4.4.0\bots\bananabrain\bananabrainaiide2024\src\bananabrain\debug\mapdrawer.obj
d:\data3\bwapi-4.4.0\bots\bananabrain\bananabrainaiide2024\src\bananabrain\debug\grids.obj
d:\data3\bwapi-4.4.0\bots\bananabrain\bananabrainaiide2024\src\bananabrain\debug\opponentmodel.obj
d:\data3\bwapi-4.4.0\bots\bananabrain\bananabrainaiide2024\src\bananabrain\debug\terranstrategy.obj
d:\data3\bwapi-4.4.0\bots\bananabrain\bananabrainaiide2024\src\bananabrain\debug\bwem.obj
d:\data3\bwapi-4.4.0\bots\bananabrain\bananabrainaiide2024\src\bananabrain\debug\mapprinter.obj
d:\data3\bwapi-4.4.0\bots\bananabrain\bananabrainaiide2024\src\bananabrain\debug\neutral.obj
d:\data3\bwapi-4.4.0\bots\bananabrain\bananabrainaiide2024\src\bananabrain\debug\basestate.obj
d:\data3\bwapi-4.4.0\bots\bananabrain\bananabrainaiide2024\src\bananabrain\debug\protossstrategy.obj
d:\data3\bwapi-4.4.0\bots\bananabrain\bananabrainaiide2024\src\bananabrain\debug\wallplacement.obj
d:\data3\bwapi-4.4.0\bots\bananabrain\bananabrainaiide2024\src\bananabrain\debug\map.obj
d:\data3\bwapi-4.4.0\bots\bananabrain\bananabrainaiide2024\src\bananabrain\debug\configuration.obj
d:\data3\bwapi-4.4.0\bots\bananabrain\bananabrainaiide2024\src\bananabrain\debug\macro.obj
d:\data3\bwapi-4.4.0\bots\bananabrain\bananabrainaiide2024\src\bananabrain\debug\unitutils.obj
d:\data3\bwapi-4.4.0\bots\bananabrain\bananabrainaiide2024\src\bananabrain\debug\cp.obj
d:\data3\bwapi-4.4.0\bots\bananabrain\bananabrainaiide2024\src\bananabrain\debug\utils.obj
d:\data3\bwapi-4.4.0\bots\bananabrain\bananabrainaiide2024\src\bananabrain\debug\dll.obj
d:\data3\bwapi-4.4.0\bots\bananabrain\bananabrainaiide2024\src\bananabrain\debug\strategy.obj
d:\data3\bwapi-4.4.0\bots\bananabrain\bananabrainaiide2024\src\bananabrain\debug\zergstrategy.obj
d:\data3\bwapi-4.4.0\bots\bananabrain\bananabrainaiide2024\src\bananabrain\debug\gridmap.obj
d:\data3\bwapi-4.4.0\bots\bananabrain\bananabrainaiide2024\src\bananabrain\debug\bananabrain.obj
d:\data3\bwapi-4.4.0\bots\bananabrain\bananabrainaiide2024\src\bananabrain\debug\pathfinder.obj
d:\data3\bwapi-4.4.0\bots\bananabrain\bananabrainaiide2024\src\bananabrain\debug\unitpotential.obj
d:\data3\bwapi-4.4.0\bots\bananabrain\bananabrainaiide2024\src\bananabrain\debug\bwapiext.obj
d:\data3\bwapi-4.4.0\bots\bananabrain\bananabrainaiide2024\src\bananabrain\debug\mapimpl.obj
d:\data3\bwapi-4.4.0\bots\bananabrain\bananabrainaiide2024\src\bananabrain\debug\vc143.pdb
d:\data3\bwapi-4.4.0\bots\bananabrain\bananabrainaiide2024\src\debug\bananabrain.dll
d:\data3\bwapi-4.4.0\bots\bananabrain\bananabrainaiide2024\src\debug\bananabrain.pdb
d:\data3\bwapi-4.4.0\bots\bananabrain\bananabrainaiide2024\src\bananabrain\debug\bananabrain.lib
d:\data3\bwapi-4.4.0\bots\bananabrain\bananabrainaiide2024\src\bananabrain\debug\bananabrain.exp
d:\data3\bwapi-4.4.0\bots\bananabrain\bananabrainaiide2024\src\bananabrain\debug\bananabrain.tlog\cl.10804.write.1.tlog
d:\data3\bwapi-4.4.0\bots\bananabrain\bananabrainaiide2024\src\bananabrain\debug\bananabrain.tlog\cl.command.1.tlog
d:\data3\bwapi-4.4.0\bots\bananabrain\bananabrainaiide2024\src\bananabrain\debug\bananabrain.tlog\cl.items.tlog
d:\data3\bwapi-4.4.0\bots\bananabrain\bananabrainaiide2024\src\bananabrain\debug\bananabrain.tlog\cl.read.1.tlog
d:\data3\bwapi-4.4.0\bots\bananabrain\bananabrainaiide2024\src\bananabrain\debug\bananabrain.tlog\link.command.1.tlog
d:\data3\bwapi-4.4.0\bots\bananabrain\bananabrainaiide2024\src\bananabrain\debug\bananabrain.tlog\link.read.1.tlog
d:\data3\bwapi-4.4.0\bots\bananabrain\bananabrainaiide2024\src\bananabrain\debug\bananabrain.tlog\link.secondary.1.tlog
d:\data3\bwapi-4.4.0\bots\bananabrain\bananabrainaiide2024\src\bananabrain\debug\bananabrain.tlog\link.write.1.tlog
