C:\Program Files\Microsoft Visual Studio\2022\Community\MSBuild\Microsoft\VC\v150\Platforms\Win32\PlatformToolsets\v141_xp\Toolset.targets(39,5): warning MSB8051: Windows XP를 대상으로 하는 지원은 사용되지 않으며 Visual Studio의 향후 릴리스에서 제공되지 않습니다. 자세한 내용은 https://go.microsoft.com/fwlink/?linkid=2023588을 참조하세요.
  BananaBrain.cpp
  BaseState.cpp
  BuildingPlacement.cpp
  Configuration.cpp
  Dll.cpp
  FastPosition.cpp
  Grids.cpp
  Information.cpp
  Macro.cpp
  Micro.cpp
  OpponentModel.cpp
  PathFinder.cpp
  ProtossStrategy.cpp
  PythonBridge.cpp
  Results.cpp
  Strategy.cpp
  Tactics.cpp
  TerranStrategy.cpp
  UnitPotential.cpp
  UnitUtils.cpp
  WallPlacement.cpp
  Worker.cpp
  ZergStrategy.cpp
  area.cpp
  base.cpp
  BaseFinder.cpp
  bwapiExt.cpp
  bwem.cpp
  cp.cpp
  graph.cpp
  gridMap.cpp
  map.cpp
  mapDrawer.cpp
  mapImpl.cpp
  mapPrinter.cpp
  neutral.cpp
  tiles.cpp
  utils.cpp
     Release\BananaBrain.lib 라이브러리 및 Release\BananaBrain.exp 개체를 생성하고 있습니다.
  코드를 생성하고 있습니다.
  All 29480 functions were compiled because no usable IPDB/IOBJ from previous compilation was found.
  코드를 생성했습니다.
  BananaBrain.vcxproj -> D:\data3\bananabrain_dc\src\Release\BananaBrain.dll
  'pwsh.exe'은(는) 내부 또는 외부 명령, 실행할 수 있는 프로그램, 또는
  배치 파일이 아닙니다.
