d:\data3\bwapi-4.4.0\bots\bananabrainaiide2024\src\release\bananabrain.lib
d:\data3\bwapi-4.4.0\bots\bananabrainaiide2024\src\release\bananabrain.exp
d:\data3\bwapi-4.4.0\bots\bananabrainaiide2024\src\release\bananabrain.ipdb
d:\data3\bwapi-4.4.0\bots\bananabrainaiide2024\src\release\bananabrain.iobj
d:\data3\bwapi-4.4.0\bots\bananabrainaiide2024\src\release\basestate.obj
d:\data3\bwapi-4.4.0\bots\bananabrainaiide2024\src\release\protossstrategy.obj
d:\data3\bwapi-4.4.0\bots\bananabrainaiide2024\src\release\wallplacement.obj
d:\data3\bwapi-4.4.0\bots\bananabrainaiide2024\src\release\graph.obj
d:\data3\bwapi-4.4.0\bots\bananabrainaiide2024\src\release\grids.obj
d:\data3\bwapi-4.4.0\bots\bananabrainaiide2024\src\release\pathfinder.obj
d:\data3\bwapi-4.4.0\bots\bananabrainaiide2024\src\release\terranstrategy.obj
d:\data3\bwapi-4.4.0\bots\bananabrainaiide2024\src\release\base.obj
d:\data3\bwapi-4.4.0\bots\bananabrainaiide2024\src\release\mapdrawer.obj
d:\data3\bwapi-4.4.0\bots\bananabrainaiide2024\src\release\buildingplacement.obj
d:\data3\bwapi-4.4.0\bots\bananabrainaiide2024\src\release\strategy.obj
d:\data3\bwapi-4.4.0\bots\bananabrainaiide2024\src\release\zergstrategy.obj
d:\data3\bwapi-4.4.0\bots\bananabrainaiide2024\src\release\gridmap.obj
d:\data3\bwapi-4.4.0\bots\bananabrainaiide2024\src\release\dll.obj
d:\data3\bwapi-4.4.0\bots\bananabrainaiide2024\src\release\opponentmodel.obj
d:\data3\bwapi-4.4.0\bots\bananabrainaiide2024\src\release\tactics.obj
d:\data3\bwapi-4.4.0\bots\bananabrainaiide2024\src\release\bwapiext.obj
d:\data3\bwapi-4.4.0\bots\bananabrainaiide2024\src\release\mapimpl.obj
d:\data3\bwapi-4.4.0\bots\bananabrainaiide2024\src\release\information.obj
d:\data3\bwapi-4.4.0\bots\bananabrainaiide2024\src\release\results.obj
d:\data3\bwapi-4.4.0\bots\bananabrainaiide2024\src\release\worker.obj
d:\data3\bwapi-4.4.0\bots\bananabrainaiide2024\src\release\mapprinter.obj
d:\data3\bwapi-4.4.0\bots\bananabrainaiide2024\src\release\neutral.obj
d:\data3\bwapi-4.4.0\bots\bananabrainaiide2024\src\release\fastposition.obj
d:\data3\bwapi-4.4.0\bots\bananabrainaiide2024\src\release\macro.obj
d:\data3\bwapi-4.4.0\bots\bananabrainaiide2024\src\release\unitutils.obj
d:\data3\bwapi-4.4.0\bots\bananabrainaiide2024\src\release\bwem.obj
d:\data3\bwapi-4.4.0\bots\bananabrainaiide2024\src\release\tiles.obj
d:\data3\bwapi-4.4.0\bots\bananabrainaiide2024\src\release\configuration.obj
d:\data3\bwapi-4.4.0\bots\bananabrainaiide2024\src\release\micro.obj
d:\data3\bwapi-4.4.0\bots\bananabrainaiide2024\src\release\area.obj
d:\data3\bwapi-4.4.0\bots\bananabrainaiide2024\src\release\cp.obj
d:\data3\bwapi-4.4.0\bots\bananabrainaiide2024\src\release\utils.obj
d:\data3\bwapi-4.4.0\bots\bananabrainaiide2024\src\release\bananabrain.obj
d:\data3\bwapi-4.4.0\bots\bananabrainaiide2024\src\release\pythonbridge.obj
d:\data3\bwapi-4.4.0\bots\bananabrainaiide2024\src\release\unitpotential.obj
d:\data3\bwapi-4.4.0\bots\bananabrainaiide2024\src\release\basefinder.obj
d:\data3\bwapi-4.4.0\bots\bananabrainaiide2024\src\release\map.obj
d:\data3\bwapi-4.4.0\bots\bananabrainaiide2024\src\release\vc141.pdb
d:\data3\bwapi-4.4.0\bots\bananabrainaiide2024\src\release\bananabrain.dll
d:\data3\bwapi-4.4.0\bots\bananabrainaiide2024\src\release\bananabrain.map
d:\data3\bananabrain_dc\src\release\area.obj
d:\data3\bananabrain_dc\src\release\bananabrain.obj
d:\data3\bananabrain_dc\src\release\base.obj
d:\data3\bananabrain_dc\src\release\basefinder.obj
d:\data3\bananabrain_dc\src\release\basestate.obj
d:\data3\bananabrain_dc\src\release\buildingplacement.obj
d:\data3\bananabrain_dc\src\release\bwapiext.obj
d:\data3\bananabrain_dc\src\release\bwem.obj
d:\data3\bananabrain_dc\src\release\configuration.obj
d:\data3\bananabrain_dc\src\release\cp.obj
d:\data3\bananabrain_dc\src\release\dll.obj
d:\data3\bananabrain_dc\src\release\fastposition.obj
d:\data3\bananabrain_dc\src\release\graph.obj
d:\data3\bananabrain_dc\src\release\gridmap.obj
d:\data3\bananabrain_dc\src\release\grids.obj
d:\data3\bananabrain_dc\src\release\information.obj
d:\data3\bananabrain_dc\src\release\macro.obj
d:\data3\bananabrain_dc\src\release\map.obj
d:\data3\bananabrain_dc\src\release\mapdrawer.obj
d:\data3\bananabrain_dc\src\release\mapimpl.obj
d:\data3\bananabrain_dc\src\release\mapprinter.obj
d:\data3\bananabrain_dc\src\release\micro.obj
d:\data3\bananabrain_dc\src\release\neutral.obj
d:\data3\bananabrain_dc\src\release\opponentmodel.obj
d:\data3\bananabrain_dc\src\release\pathfinder.obj
d:\data3\bananabrain_dc\src\release\protossstrategy.obj
d:\data3\bananabrain_dc\src\release\pythonbridge.obj
d:\data3\bananabrain_dc\src\release\results.obj
d:\data3\bananabrain_dc\src\release\strategy.obj
d:\data3\bananabrain_dc\src\release\tactics.obj
d:\data3\bananabrain_dc\src\release\terranstrategy.obj
d:\data3\bananabrain_dc\src\release\tiles.obj
d:\data3\bananabrain_dc\src\release\unitpotential.obj
d:\data3\bananabrain_dc\src\release\unitutils.obj
d:\data3\bananabrain_dc\src\release\utils.obj
d:\data3\bananabrain_dc\src\release\wallplacement.obj
d:\data3\bananabrain_dc\src\release\worker.obj
d:\data3\bananabrain_dc\src\release\zergstrategy.obj
d:\data3\bananabrain_dc\src\release\bananabrain.ipdb
d:\data3\bananabrain_dc\src\release\bananabrain.iobj
d:\data3\bananabrain_dc\src\release\bananabrain.exp
d:\data3\bananabrain_dc\src\release\vc141.pdb
d:\data3\bananabrain_dc\src\release\bananabrain.dll
d:\data3\bananabrain_dc\src\release\bananabrain.tlog\bananabrain.write.1u.tlog
d:\data3\bananabrain_dc\src\release\bananabrain.tlog\cl.10096.write.1.tlog
d:\data3\bananabrain_dc\src\release\bananabrain.tlog\cl.command.1.tlog
d:\data3\bananabrain_dc\src\release\bananabrain.tlog\cl.read.1.tlog
d:\data3\bananabrain_dc\src\release\bananabrain.tlog\link.command.1.tlog
d:\data3\bananabrain_dc\src\release\bananabrain.tlog\link.read.1.tlog
d:\data3\bananabrain_dc\src\release\bananabrain.tlog\link.write.1.tlog
